
#############################################################################################
#
# Group 5 - Part 9 - RP-B + Micro Center 128GB USB 3.0 Flash Drive Stick Mount + cp Testing 
#
# 2013-02-26 - V#1-0 
#     
#            - Mountability confirm, default device owner change from 'root' to 'pi', and 
#              initial cp testing of Micro Center 128GB USB 3.0 Flash Drive Stick on the
#              RaspberryPi-B 
#   
#            - Micro Center 128GB USB 3.0 Flash Drive Stick was previously partitioned & ext4
#              formatted on desktop using gparted GUI running on Ubuntu 12.04.4 desktop Linux
#              distro 
#
#            - Optimal external Micro Center 128GB USB 3.0 Flash Drive partition creation is 
#              assumed to have been automatically done within gparted
#
#            - External drive used in the following is Micro Center 128GB USB 3.0 Flash Drive
#              Stick  
#
#            - IMPORTANT: the following tests assume that /etc/fstab contents was already
#              created during the previous and will be mounted to same mount point as 
#              previously tested USB hard-drives "/media/USB-HDD1" 
#
# 2015-05-20,
# 2015-05-30 - V#1-1  - Formatting & corrections ...
#
#############################################################################################
#
# Reference URLs:
#
# "How to set the owner of a mounted partition in Linux?"
# http://superuser.com/questions/320415/linux-mount-device-with-specific-user-rights
#
# "Linux - Mount device with specific user rights" 
# http://superuser.com/questions/657974/how-to-set-the-owner-of-a-mounted-partition-in-linux 
#
# "File Permissions - chmod"
# http://www.linux.org/threads/file-permissions-chmod.4094/
#
#############################################################################################
#
# The following assumes all the steps of "RaspberryPi First Start-Up V#1-0" are already 
#  completed, and that the Micro Center 128GB USB 3.0 Flash Drive Stick was connected via 
#  the USB port while the RaspberryPi-B is TURNED OFF, prior to it being turned on.
#
# Important to note that if the Micro Center 128GB USB 3.0 Flash Drive Stick is connected to 
#  the RaspberryPi USB port while turned on, this may cause the RaspberryPi to shut-off 
#  and reboot ...
#
#############################################################################################

# The following assumes the Micro Center 128GB USB 3.0 Flash Drive Stick has already been 
#  partitioned and ext4 formatted using gparted on Ubuntu 12.04.4 desktop, and was already 
#  connected to the RaspberryPi-B before powering on 

# Before starting, switch to su ...

pi@rasp-srvr1 ~ $ su
Password:
root@rasp-srvr1:/home/pi#

# Examine dmesg output and confirm that the external Micro Center 128GB USB 3.0 Flash Drive 
#  Stick is detected & mounted ...

root@rasp-srvr1:/home/pi# dmesg | tail -25
[    3.194251] smsc95xx 1-1.1:1.0 eth0: register 'smsc95xx' at usb-bcm2708_usb-1.1, smsc95xx USB 2.0 Ethernet, b8:27:eb:01:ef:af
[    3.289108] usb 1-1.2: new high-speed USB device number 4 using dwc_otg
[    3.421243] usb 1-1.2: New USB device found, idVendor=13fe, idProduct=5200
[    3.442985] usb 1-1.2: New USB device strings: Mfr=1, Product=2, SerialNumber=3
[    3.457094] usb 1-1.2: Product:
[    3.466683] usb 1-1.2: Manufacturer:
[    3.475987] usb 1-1.2: SerialNumber: 07073C458B1F6F54
[    3.494674] usb-storage 1-1.2:1.0: USB Mass Storage device detected
[    3.517795] scsi0 : usb-storage 1-1.2:1.0
[    4.332015] udevd[157]: starting version 175
[    4.530195] scsi 0:0:0:0: Direct-Access                               PMAP PQ: 0 ANSI: 6
[    4.570655] sd 0:0:0:0: [sda] 241405440 512-byte logical blocks: (123 GB/115 GiB)
[    4.608160] sd 0:0:0:0: [sda] Write Protect is off
[    4.629578] sd 0:0:0:0: [sda] Mode Sense: 2b 00 00 08
[    4.630408] sd 0:0:0:0: [sda] Write cache: disabled, read cache: enabled, doesn't support DPO or FUA
[    4.854540]  sda: sda1
[    4.877173] sd 0:0:0:0: [sda] Attached SCSI removable disk
[    7.137289] bcm2708-i2s bcm2708-i2s.0: Failed to create debugfs directory
[   11.249839] EXT4-fs (mmcblk0p2): re-mounted. Opts: (null)
[   11.745003] EXT4-fs (mmcblk0p2): re-mounted. Opts: (null)
[   17.789766] FAT-fs (mmcblk0p1): Volume was not properly unmounted. Some data may be corrupt. Please run fsck.
[   17.858143] EXT4-fs (sda1): mounted filesystem with ordered data mode. Opts: (null)

  < ... snip ... >

# Per [    4.570655] above the Micro Center 128GB USB 3.0 Flash Drive Stick is found, and 
#  per [    4.854540] is assigned to sda:sda1 ...


# Next check to see if the external Flash Drive Stick is mounted via "fdisk -l".  

root@rasp-srvr1:/home/pi# fdisk -l

Disk /dev/mmcblk0: 7969 MB, 7969177600 bytes
4 heads, 16 sectors/track, 243200 cylinders, total 15564800 sectors
Units = sectors of 1 * 512 = 512 bytes
Sector size (logical/physical): 512 bytes / 512 bytes
I/O size (minimum/optimal): 512 bytes / 512 bytes
Disk identifier: 0x000981cb

        Device Boot      Start         End      Blocks   Id  System
/dev/mmcblk0p1            8192      122879       57344    c  W95 FAT32 (LBA)
/dev/mmcblk0p2          122880    15564799     7720960   83  Linux

Disk /dev/sda: 123.6 GB, 123599585280 bytes
255 heads, 63 sectors/track, 15026 cylinders, total 241405440 sectors
Units = sectors of 1 * 512 = 512 bytes
Sector size (logical/physical): 512 bytes / 512 bytes
I/O size (minimum/optimal): 512 bytes / 512 bytes
Disk identifier: 0x8530874a

   Device Boot      Start         End      Blocks   Id  System
/dev/sda1            2048   241403903   120700928   83  Linux

root@rasp-srvr1:/home/pi#  df -h
Filesystem      Size  Used Avail Use% Mounted on
rootfs          7.2G  2.3G  4.7G  33% /
/dev/root       7.2G  2.3G  4.7G  33% /
devtmpfs        211M     0  211M   0% /dev
tmpfs            44M  216K   44M   1% /run
tmpfs           5.0M     0  5.0M   0% /run/lock
tmpfs            88M     0   88M   0% /run/shm
/dev/mmcblk0p1   56M   19M   38M  34% /boot
/dev/sda1       114G   60M  108G   1% /media/USB-HDD1

# Per the above, the Micro Center 128GB USB 3.0 Flash Drive Stick has been automatically
#  mounted on /media/USB-HDD1 upon system start-up ...


# AFTER /dev/sda1 is mounted, because the filesystem type is ext4, we must change the default
#  owner from "root" of the /media/USB-HDD1 to "pi" to enable "pi" to have read & write 
#  access to the external USB drive ...

root@rasp-srvr1:/home/pi#  chown pi:pi /media/USB-HDD1

root@rasp-srvr1:/home/pi# ls -l /media/
total 4
drwxr-xr-x 3 pi pi 4096 Feb 26 18:58 USB-HDD1

# OPTIONAL: If all users are required to have read/write access, the following provides read,
#  write, execute access:  "chmod 777 /media/USB-HDD1" and this one provides read, write 
#  access: "chmod 666 /media/USB-HDD1"    

# Exit from being root / su back to user pi ...

root@rasp-srvr1:/home/pi#  exit
exit
pi@rasp-srvr1 ~ $

# Confirm pi now has read & write access to /media/USB-HDD1 by copying a file to that 
#  directory ... for testing purposes I've first used ocr_pi.png ... 

pi@rasp-srvr1 ~ $  cp ./ocr_pi.png /media/USB-HDD1/

pi@rasp-srvr1 ~ $ ls -l /media/USB-HDD1/
total 24
drwx------ 2 root root 16384 Feb 26 18:58 lost+found
-rw-r--r-- 1 pi   pi    5781 Feb 26 20:58 ocr_pi.png 


# And now try copying the entire Desktop directory ...

pi@rasp-srvr1 ~ $ cp -avr ./Desktop /media/USB-HDD1/
`./Desktop' -> `/media/USB-HDD1/Desktop'
`./Desktop/wpa_gui.desktop' -> `/media/USB-HDD1/Desktop/wpa_gui.desktop'
`./Desktop/debian-reference-common.desktop' -> `/media/USB-HDD1/Desktop/debian-reference-common.desktop'
`./Desktop/idle.desktop' -> `/media/USB-HDD1/Desktop/idle.desktop'
`./Desktop/ocr_resources.desktop' -> `/media/USB-HDD1/Desktop/ocr_resources.desktop'
`./Desktop/idle3.desktop' -> `/media/USB-HDD1/Desktop/idle3.desktop'
`./Desktop/wolfram-language.desktop' -> `/media/USB-HDD1/Desktop/wolfram-language.desktop'
`./Desktop/scratch.desktop' -> `/media/USB-HDD1/Desktop/scratch.desktop'
`./Desktop/lxterminal.desktop' -> `/media/USB-HDD1/Desktop/lxterminal.desktop'
`./Desktop/wolfram-mathematica.desktop' -> `/media/USB-HDD1/Desktop/wolfram-mathematica.desktop'
`./Desktop/shutdown.desktop' -> `/media/USB-HDD1/Desktop/shutdown.desktop'
`./Desktop/midori.desktop' -> `/media/USB-HDD1/Desktop/midori.desktop'
`./Desktop/python-games.desktop' -> `/media/USB-HDD1/Desktop/python-games.desktop'
`./Desktop/pistore.desktop' -> `/media/USB-HDD1/Desktop/pistore.desktop'
pi@rasp-srvr1 ~ $

pi@rasp-srvr1 ~ $ ls -l /media/USB-HDD1/
total 28
drwxr-xr-x 2 pi   pi    4096 Jan  7 17:09 Desktop
drwx------ 2 root root 16384 Feb 26 18:58 lost+found
-rw-r--r-- 1 pi   pi    5781 Feb 26 20:58 ocr_pi.png

pi@rasp-srvr1 ~ $ ls -l /media/USB-HDD1/Desktop/
total 60
-rw-r--r-- 1 pi pi  634 Jan  7 17:09 debian-reference-common.desktop
-rw-r--r-- 1 pi pi  224 May  6  2012 idle3.desktop
-rw-r--r-- 1 pi pi  238 Jun 10  2012 idle.desktop
-rw-r--r-- 1 pi pi 4953 Jun  1  2012 lxterminal.desktop
-rw-r--r-- 1 pi pi 5398 Dec 31  2012 midori.desktop
-rw-r--r-- 1 pi pi  233 Jan  7 17:09 ocr_resources.desktop
-rw-r--r-- 1 pi pi  257 Jan  7 17:02 pistore.desktop
-rw-r--r-- 1 pi pi  241 Jan  7 17:09 python-games.desktop
-rw-r--r-- 1 pi pi  259 Jul  4  2012 scratch.desktop
-rw-r--r-- 1 pi pi  205 Jan  7 17:09 shutdown.desktop
-rw-r--r-- 1 pi pi  245 Nov 20 16:44 wolfram-language.desktop
-rw-r--r-- 1 pi pi  333 Nov 20 16:44 wolfram-mathematica.desktop
-rw-r--r-- 1 pi pi  230 Jan  7 17:09 wpa_gui.desktop


# Per the above, looks like the user pi can now r/w to /media/USB-HDD1 ...


